// Jest Snapshot v1, https://goo.gl/fbAQLP

exports[`Item renders snapshot 1`] = `
.c4 {
  background: transparent;
  border: 1px solid #171212;
  padding: 5px;
  cursor: pointer;
  -webkit-transition: all 0.1s ease-in;
  transition: all 0.1s ease-in;
}

.c4:hover {
  background: #171212;
  color: #ffffff;
}

.c4:hover > svg > g {
  fill: #ffffff;
  stroke: #ffffff;
}

.c5 {
  padding: 5px;
}

.c1 {
  width: 40%;
  padding: 0 5px;
  white-space: nowrap;
  overflow: hidden;
  text-overflow: ellipsis;
}

.c1 > a {
  color: inherit;
}

.c2 {
  width: 30%;
  padding: 0 5px;
  white-space: nowrap;
  overflow: hidden;
  text-overflow: ellipsis;
}

.c2 > a {
  color: inherit;
}

.c3 {
  width: 10%;
  padding: 0 5px;
  white-space: nowrap;
  overflow: hidden;
  text-overflow: ellipsis;
}

.c3 > a {
  color: inherit;
}

.c0 {
  display: -webkit-box;
  display: -webkit-flex;
  display: -ms-flexbox;
  display: flex;
  -webkit-align-items: center;
  -webkit-box-align: center;
  -ms-flex-align: center;
  align-items: center;
  padding-bottom: 5px;
}

<div
  class="c0"
>
  <span
    class="c1"
    width="40%"
  >
    <a
      href="https://reactjs.org/"
    >
      React
    </a>
  </span>
  <span
    class="c2"
    width="30%"
  >
    Jordan Walke
  </span>
  <span
    class="c3"
    width="10%"
  >
    3
  </span>
  <span
    class="c3"
    width="10%"
  >
    4
  </span>
  <span
    class="c3"
    width="10%"
  >
    <button
      class="c4 c5"
      type="button"
    >
      <svg
        aria-hidden="true"
        class="svg-inline--fa fa-check fa-w-16 "
        data-icon="check"
        data-prefix="fas"
        data-testid="dismiss"
        focusable="false"
        role="img"
        viewBox="0 0 512 512"
        xmlns="http://www.w3.org/2000/svg"
      >
        <path
          d="M173.898 439.404l-166.4-166.4c-9.997-9.997-9.997-26.206 0-36.204l36.203-36.204c9.997-9.998 26.207-9.998 36.204 0L192 312.69 432.095 72.596c9.997-9.997 26.207-9.997 36.204 0l36.203 36.204c9.997 9.997 9.997 26.206 0 36.204l-294.4 294.401c-9.998 9.997-26.207 9.997-36.204-.001z"
          fill="currentColor"
        />
      </svg>
    </button>
  </span>
</div>
`;

exports[`List renders snapshot 1`] = `
.c4 {
  background: transparent;
  border: 1px solid #171212;
  padding: 5px;
  cursor: pointer;
  -webkit-transition: all 0.1s ease-in;
  transition: all 0.1s ease-in;
}

.c4:hover {
  background: #171212;
  color: #ffffff;
}

.c4:hover > svg > g {
  fill: #ffffff;
  stroke: #ffffff;
}

.c5 {
  padding: 5px;
}

.c1 {
  width: 40%;
  padding: 0 5px;
  white-space: nowrap;
  overflow: hidden;
  text-overflow: ellipsis;
}

.c1 > a {
  color: inherit;
}

.c2 {
  width: 30%;
  padding: 0 5px;
  white-space: nowrap;
  overflow: hidden;
  text-overflow: ellipsis;
}

.c2 > a {
  color: inherit;
}

.c3 {
  width: 10%;
  padding: 0 5px;
  white-space: nowrap;
  overflow: hidden;
  text-overflow: ellipsis;
}

.c3 > a {
  color: inherit;
}

.c0 {
  display: -webkit-box;
  display: -webkit-flex;
  display: -ms-flexbox;
  display: flex;
  -webkit-align-items: center;
  -webkit-box-align: center;
  -ms-flex-align: center;
  align-items: center;
  padding-bottom: 5px;
}

<div
  class="c0"
>
  <span
    class="c1"
    width="40%"
  >
    <a
      href="https://reactjs.org/"
    >
      React
    </a>
  </span>
  <span
    class="c2"
    width="30%"
  >
    Jordan Walke
  </span>
  <span
    class="c3"
    width="10%"
  >
    3
  </span>
  <span
    class="c3"
    width="10%"
  >
    4
  </span>
  <span
    class="c3"
    width="10%"
  >
    <button
      class="c4 c5"
      type="button"
    >
      <svg
        aria-hidden="true"
        class="svg-inline--fa fa-check fa-w-16 "
        data-icon="check"
        data-prefix="fas"
        data-testid="dismiss"
        focusable="false"
        role="img"
        viewBox="0 0 512 512"
        xmlns="http://www.w3.org/2000/svg"
      >
        <path
          d="M173.898 439.404l-166.4-166.4c-9.997-9.997-9.997-26.206 0-36.204l36.203-36.204c9.997-9.998 26.207-9.998 36.204 0L192 312.69 432.095 72.596c9.997-9.997 26.207-9.997 36.204 0l36.203 36.204c9.997 9.997 9.997 26.206 0 36.204l-294.4 294.401c-9.998 9.997-26.207 9.997-36.204-.001z"
          fill="currentColor"
        />
      </svg>
    </button>
  </span>
</div>
`;
